Analyzing app...

warning - lib\core\widgets\skeleton_loading_wrapper.dart:24:7 - The declaration '_DefaultListSkeleton' isn't referenced. Try removing the declaration of '_DefaultListSkeleton'. - unused_element
warning - lib\features\directory\screens\directory_screen.dart:25:26 - The value of the field '_scrollController' isn't used. Try removing the field, or using it. - unused_field
warning - lib\features\main\screens\main_screen.dart:22:8 - Unused import: '../../matrimony/screens/matrimony_hub_screen.dart'. Try removing the import directive. - unused_import
warning - lib\features\main\screens\main_screen.dart:73:16 - The declaration '_launchYouTube' isn't referenced. Try removing the declaration of '_launchYouTube'. - unused_element
warning - lib\features\main\screens\main_screen.dart:84:8 - The declaration '_showComingSoon' isn't referenced. Try removing the declaration of '_showComingSoon'. - unused_element
warning - lib\features\matrimony\screens\matrimony_profile_detail_screen.dart:11:8 - Unused import: '../../../core/widgets/sliver_app_bar_delegate.dart'. Try removing the import directive. - unused_import
   info - lib\core\theme\app_theme.dart:3:8 - The import of 'package:flutter/cupertino.dart' is unnecessary because all of the used elements are also provided by the import of 'package:flutter/material.dart'. Try removing the import directive. - unnecessary_import
   info - lib\core\theme\app_theme.dart:23:9 - 'background' is deprecated and shouldn't be used. Use surface instead. This feature was deprecated after v3.18.0-0.1.pre. Try replacing the use of the deprecated member with the replacement. - deprecated_member_use
   info - lib\core\widgets\custom_dropdown_field.dart:28:9 - 'value' is deprecated and shouldn't be used. Use initialValue instead. This will set the initial value for the form field. This feature was deprecated after v3.33.0-1.0.pre. Try replacing the use of the deprecated member with the replacement. - deprecated_member_use
   info - lib\core\widgets\gradient_background.dart:25:44 - 'withOpacity' is deprecated and shouldn't be used. Use .withValues() to avoid precision loss. Try replacing the use of the deprecated member with the replacement. - deprecated_member_use
   info - lib\core\widgets\gradient_background.dart:43:46 - 'withOpacity' is deprecated and shouldn't be used. Use .withValues() to avoid precision loss. Try replacing the use of the deprecated member with the replacement. - deprecated_member_use
   info - lib\core\widgets\update_dialog.dart:67:47 - 'withOpacity' is deprecated and shouldn't be used. Use .withValues() to avoid precision loss. Try replacing the use of the deprecated member with the replacement. - deprecated_member_use
   info - lib\features\auth\screens\login_screen.dart:322:52 - 'withOpacity' is deprecated and shouldn't be used. Use .withValues() to avoid precision loss. Try replacing the use of the deprecated member with the replacement. - deprecated_member_use
   info - lib\features\auth\screens\otp_verification_screen.dart:138:50 - 'withOpacity' is deprecated and shouldn't be used. Use .withValues() to avoid precision loss. Try replacing the use of the deprecated member with the replacement. - deprecated_member_use
   info - lib\features\auth\screens\register_screen.dart:123:56 - 'withOpacity' is deprecated and shouldn't be used. Use .withValues() to avoid precision loss. Try replacing the use of the deprecated member with the replacement. - deprecated_member_use
   info - lib\features\businesses\screens\business_detail_screen.dart:48:43 - 'withOpacity' is deprecated and shouldn't be used. Use .withValues() to avoid precision loss. Try replacing the use of the deprecated member with the replacement. - deprecated_member_use
   info - lib\features\businesses\screens\business_detail_screen.dart:76:29 - 'withOpacity' is deprecated and shouldn't be used. Use .withValues() to avoid precision loss. Try replacing the use of the deprecated member with the replacement. - deprecated_member_use
   info - lib\features\businesses\screens\business_detail_screen.dart:80:33 - 'withOpacity' is deprecated and shouldn't be used. Use .withValues() to avoid precision loss. Try replacing the use of the deprecated member with the replacement. - deprecated_member_use
   info - lib\features\businesses\screens\business_detail_screen.dart:136:43 - 'withOpacity' is deprecated and shouldn't be used. Use .withValues() to avoid precision loss. Try replacing the use of the deprecated member with the replacement. - deprecated_member_use
   info - lib\features\businesses\screens\business_detail_screen.dart:140:47 - 'withOpacity' is deprecated and shouldn't be used. Use .withValues() to avoid precision loss. Try replacing the use of the deprecated member with the replacement. - deprecated_member_use
   info - lib\features\businesses\screens\business_detail_screen.dart:184:65 - 'withOpacity' is deprecated and shouldn't be used. Use .withValues() to avoid precision loss. Try replacing the use of the deprecated member with the replacement. - deprecated_member_use
   info - lib\features\businesses\screens\business_detail_screen.dart:269:67 - 'withOpacity' is deprecated and shouldn't be used. Use .withValues() to avoid precision loss. Try replacing the use of the deprecated member with the replacement. - deprecated_member_use
   info - lib\features\businesses\screens\business_detail_screen.dart:290:49 - 'withOpacity' is deprecated and shouldn't be used. Use .withValues() to avoid precision loss. Try replacing the use of the deprecated member with the replacement. - deprecated_member_use
   info - lib\features\businesses\screens\business_detail_screen.dart:369:43 - 'withOpacity' is deprecated and shouldn't be used. Use .withValues() to avoid precision loss. Try replacing the use of the deprecated member with the replacement. - deprecated_member_use
   info - lib\features\businesses\screens\businesses_screen.dart:5:8 - The import of 'package:skeletonizer/skeletonizer.dart' is unnecessary because all of the used elements are also provided by the import of 'package:flutter/material.dart'. Try removing the import directive. - unnecessary_import
   info - lib\features\businesses\screens\businesses_screen.dart:79:29 - Unnecessary use of multiple underscores. Try using '_'. - unnecessary_underscores
   info - lib\features\businesses\screens\businesses_screen.dart:243:45 - Unnecessary use of multiple underscores. Try using '_'. - unnecessary_underscores
   info - lib\features\businesses\screens\businesses_screen.dart:262:7 - Statements in an if should be enclosed in a block. Try wrapping the statement in a block. - curly_braces_in_flow_control_structures
   info - lib\features\businesses\screens\businesses_screen.dart:271:38 - 'withOpacity' is deprecated and shouldn't be used. Use .withValues() to avoid precision loss. Try replacing the use of the deprecated member with the replacement. - deprecated_member_use
   info - lib\features\businesses\screens\businesses_screen.dart:342:35 - 'withOpacity' is deprecated and shouldn't be used. Use .withValues() to avoid precision loss. Try replacing the use of the deprecated member with the replacement. - deprecated_member_use
   info - lib\features\businesses\screens\businesses_screen.dart:406:53 - 'withOpacity' is deprecated and shouldn't be used. Use .withValues() to avoid precision loss. Try replacing the use of the deprecated member with the replacement. - deprecated_member_use
   info - lib\features\businesses\screens\update_business_screen.dart:157:45 - 'withOpacity' is deprecated and shouldn't be used. Use .withValues() to avoid precision loss. Try replacing the use of the deprecated member with the replacement. - deprecated_member_use
   info - lib\features\businesses\widgets\business_filter_sheet.dart:100:11 - 'value' is deprecated and shouldn't be used. Use initialValue instead. This will set the initial value for the form field. This feature was deprecated after v3.33.0-1.0.pre. Try replacing the use of the deprecated member with the replacement. - deprecated_member_use
   info - lib\features\businesses\widgets\step_business_contact.dart:30:33 - 'withOpacity' is deprecated and shouldn't be used. Use .withValues() to avoid precision loss. Try replacing the use of the deprecated member with the replacement. - deprecated_member_use
   info - lib\features\businesses\widgets\step_business_contact.dart:34:37 - 'withOpacity' is deprecated and shouldn't be used. Use .withValues() to avoid precision loss. Try replacing the use of the deprecated member with the replacement. - deprecated_member_use
   info - lib\features\businesses\widgets\step_business_details.dart:112:33 - 'withOpacity' is deprecated and shouldn't be used. Use .withValues() to avoid precision loss. Try replacing the use of the deprecated member with the replacement. - deprecated_member_use
   info - lib\features\businesses\widgets\step_business_details.dart:116:37 - 'withOpacity' is deprecated and shouldn't be used. Use .withValues() to avoid precision loss. Try replacing the use of the deprecated member with the replacement. - deprecated_member_use
   info - lib\features\businesses\widgets\step_business_details.dart:218:17 - 'value' is deprecated and shouldn't be used. Use initialValue instead. This will set the initial value for the form field. This feature was deprecated after v3.33.0-1.0.pre. Try replacing the use of the deprecated member with the replacement. - deprecated_member_use
   info - lib\features\directory\screens\contact_detail_screen.dart:73:43 - 'withOpacity' is deprecated and shouldn't be used. Use .withValues() to avoid precision loss. Try replacing the use of the deprecated member with the replacement. - deprecated_member_use
   info - lib\features\directory\screens\contact_detail_screen.dart:112:29 - 'withOpacity' is deprecated and shouldn't be used. Use .withValues() to avoid precision loss. Try replacing the use of the deprecated member with the replacement. - deprecated_member_use
   info - lib\features\directory\screens\contact_detail_screen.dart:116:33 - 'withOpacity' is deprecated and shouldn't be used. Use .withValues() to avoid precision loss. Try replacing the use of the deprecated member with the replacement. - deprecated_member_use
   info - lib\features\directory\screens\contact_detail_screen.dart:199:59 - 'withOpacity' is deprecated and shouldn't be used. Use .withValues() to avoid precision loss. Try replacing the use of the deprecated member with the replacement. - deprecated_member_use
   info - lib\features\directory\screens\contact_detail_screen.dart:233:49 - 'withOpacity' is deprecated and shouldn't be used. Use .withValues() to avoid precision loss. Try replacing the use of the deprecated member with the replacement. - deprecated_member_use
   info - lib\features\directory\screens\contact_detail_screen.dart:472:43 - 'withOpacity' is deprecated and shouldn't be used. Use .withValues() to avoid precision loss. Try replacing the use of the deprecated member with the replacement. - deprecated_member_use
   info - lib\features\directory\screens\directory_screen.dart:230:37 - 'withOpacity' is deprecated and shouldn't be used. Use .withValues() to avoid precision loss. Try replacing the use of the deprecated member with the replacement. - deprecated_member_use
   info - lib\features\directory\screens\directory_screen.dart:248:67 - 'withOpacity' is deprecated and shouldn't be used. Use .withValues() to avoid precision loss. Try replacing the use of the deprecated member with the replacement. - deprecated_member_use
   info - lib\features\directory\screens\directory_screen.dart:272:55 - 'withOpacity' is deprecated and shouldn't be used. Use .withValues() to avoid precision loss. Try replacing the use of the deprecated member with the replacement. - deprecated_member_use
   info - lib\features\directory\screens\directory_screen.dart:283:49 - 'withOpacity' is deprecated and shouldn't be used. Use .withValues() to avoid precision loss. Try replacing the use of the deprecated member with the replacement. - deprecated_member_use
   info - lib\features\directory\widgets\directory_filter_sheet.dart:130:11 - 'value' is deprecated and shouldn't be used. Use initialValue instead. This will set the initial value for the form field. This feature was deprecated after v3.33.0-1.0.pre. Try replacing the use of the deprecated member with the replacement. - deprecated_member_use
   info - lib\features\directory\widgets\directory_filter_sheet.dart:142:57 - 'withOpacity' is deprecated and shouldn't be used. Use .withValues() to avoid precision loss. Try replacing the use of the deprecated member with the replacement. - deprecated_member_use
   info - lib\features\directory\widgets\directory_filter_sheet.dart:190:53 - 'withOpacity' is deprecated and shouldn't be used. Use .withValues() to avoid precision loss. Try replacing the use of the deprecated member with the replacement. - deprecated_member_use
   info - lib\features\family\screens\add_edit_family_member_screen.dart:207:7 - Statements in an if should be enclosed in a block. Try wrapping the statement in a block. - curly_braces_in_flow_control_structures
   info - lib\features\family\screens\add_edit_family_member_screen.dart:209:7 - Statements in an if should be enclosed in a block. Try wrapping the statement in a block. - curly_braces_in_flow_control_structures
   info - lib\features\family\screens\add_edit_family_member_screen.dart:211:7 - Statements in an if should be enclosed in a block. Try wrapping the statement in a block. - curly_braces_in_flow_control_structures
   info - lib\features\family\screens\add_edit_family_member_screen.dart:214:7 - Statements in an if should be enclosed in a block. Try wrapping the statement in a block. - curly_braces_in_flow_control_structures
   info - lib\features\family\screens\add_edit_family_member_screen.dart:216:7 - Statements in an if should be enclosed in a block. Try wrapping the statement in a block. - curly_braces_in_flow_control_structures
   info - lib\features\family\screens\add_edit_family_member_screen.dart:218:7 - Statements in an if should be enclosed in a block. Try wrapping the statement in a block. - curly_braces_in_flow_control_structures
   info - lib\features\family\screens\add_edit_family_member_screen.dart:220:7 - Statements in an if should be enclosed in a block. Try wrapping the statement in a block. - curly_braces_in_flow_control_structures
   info - lib\features\family\screens\add_edit_family_member_screen.dart:222:7 - Statements in an if should be enclosed in a block. Try wrapping the statement in a block. - curly_braces_in_flow_control_structures
   info - lib\features\family\screens\add_edit_family_member_screen.dart:224:7 - Statements in an if should be enclosed in a block. Try wrapping the statement in a block. - curly_braces_in_flow_control_structures
   info - lib\features\family\screens\add_edit_family_member_screen.dart:226:7 - Statements in an if should be enclosed in a block. Try wrapping the statement in a block. - curly_braces_in_flow_control_structures
   info - lib\features\family\screens\add_edit_family_member_screen.dart:655:45 - 'withOpacity' is deprecated and shouldn't be used. Use .withValues() to avoid precision loss. Try replacing the use of the deprecated member with the replacement. - deprecated_member_use
   info - lib\features\family\screens\family_tree_screen.dart:1:8 - The import of 'package:flutter/cupertino.dart' is unnecessary because all of the used elements are also provided by the import of 'package:flutter/material.dart'. Try removing the import directive. - unnecessary_import
   info - lib\features\family\screens\family_tree_screen.dart:103:29 - Don't use 'BuildContext's across async gaps, guarded by an unrelated 'mounted' check. Guard a 'State.context' use with a 'mounted' check on the State, and other BuildContext use with a 'mounted' check on the BuildContext. - use_build_context_synchronously
   info - lib\features\family\screens\family_tree_screen.dart:310:35 - Don't use 'BuildContext's across async gaps, guarded by an unrelated 'mounted' check. Guard a 'State.context' use with a 'mounted' check on the State, and other BuildContext use with a 'mounted' check on the BuildContext. - use_build_context_synchronously
   info - lib\features\family\screens\family_tree_screen.dart:311:56 - Don't use 'BuildContext's across async gaps, guarded by an unrelated 'mounted' check. Guard a 'State.context' use with a 'mounted' check on the State, and other BuildContext use with a 'mounted' check on the BuildContext. - use_build_context_synchronously
   info - lib\features\family\screens\family_tree_screen.dart:372:49 - 'withOpacity' is deprecated and shouldn't be used. Use .withValues() to avoid precision loss. Try replacing the use of the deprecated member with the replacement. - deprecated_member_use
   info - lib\features\family\screens\family_tree_screen.dart:403:61 - 'withOpacity' is deprecated and shouldn't be used. Use .withValues() to avoid precision loss. Try replacing the use of the deprecated member with the replacement. - deprecated_member_use
   info - lib\features\home\screens\home_screen.dart:70:46 - 'withOpacity' is deprecated and shouldn't be used. Use .withValues() to avoid precision loss. Try replacing the use of the deprecated member with the replacement. - deprecated_member_use
   info - lib\features\home\screens\home_screen.dart:71:46 - 'withOpacity' is deprecated and shouldn't be used. Use .withValues() to avoid precision loss. Try replacing the use of the deprecated member with the replacement. - deprecated_member_use
   info - lib\features\home\widgets\hero_carousel.dart:96:43 - 'withOpacity' is deprecated and shouldn't be used. Use .withValues() to avoid precision loss. Try replacing the use of the deprecated member with the replacement. - deprecated_member_use
   info - lib\features\home\widgets\hero_carousel.dart:132:38 - 'withOpacity' is deprecated and shouldn't be used. Use .withValues() to avoid precision loss. Try replacing the use of the deprecated member with the replacement. - deprecated_member_use
   info - lib\features\home\widgets\home_latest_jobs.dart:135:45 - 'withOpacity' is deprecated and shouldn't be used. Use .withValues() to avoid precision loss. Try replacing the use of the deprecated member with the replacement. - deprecated_member_use
   info - lib\features\home\widgets\home_latest_jobs.dart:140:60 - 'withOpacity' is deprecated and shouldn't be used. Use .withValues() to avoid precision loss. Try replacing the use of the deprecated member with the replacement. - deprecated_member_use
   info - lib\features\home\widgets\home_latest_jobs.dart:152:51 - 'withOpacity' is deprecated and shouldn't be used. Use .withValues() to avoid precision loss. Try replacing the use of the deprecated member with the replacement. - deprecated_member_use
   info - lib\features\home\widgets\home_latest_jobs.dart:237:45 - 'withOpacity' is deprecated and shouldn't be used. Use .withValues() to avoid precision loss. Try replacing the use of the deprecated member with the replacement. - deprecated_member_use
   info - lib\features\home\widgets\home_latest_news.dart:2:8 - The import of 'package:flutter/cupertino.dart' is unnecessary because all of the used elements are also provided by the import of 'package:flutter/material.dart'. Try removing the import directive. - unnecessary_import
   info - lib\features\home\widgets\home_latest_news.dart:131:35 - 'withOpacity' is deprecated and shouldn't be used. Use .withValues() to avoid precision loss. Try replacing the use of the deprecated member with the replacement. - deprecated_member_use
   info - lib\features\home\widgets\home_menu_grid.dart:206:45 - 'withOpacity' is deprecated and shouldn't be used. Use .withValues() to avoid precision loss. Try replacing the use of the deprecated member with the replacement. - deprecated_member_use
   info - lib\features\jobs\screens\create_job_screen.dart:12:9 - Parameter 'key' could be a super parameter. Trying converting 'key' to a super parameter. - use_super_parameters
   info - lib\features\jobs\screens\create_job_screen.dart:158:43 - 'withOpacity' is deprecated and shouldn't be used. Use .withValues() to avoid precision loss. Try replacing the use of the deprecated member with the replacement. - deprecated_member_use
   info - lib\features\jobs\screens\jobs_screen.dart:15:9 - Parameter 'key' could be a super parameter. Trying converting 'key' to a super parameter. - use_super_parameters
   info - lib\features\jobs\screens\jobs_screen.dart:217:67 - 'withOpacity' is deprecated and shouldn't be used. Use .withValues() to avoid precision loss. Try replacing the use of the deprecated member with the replacement. - deprecated_member_use
   info - lib\features\jobs\screens\jobs_screen.dart:260:69 - 'withOpacity' is deprecated and shouldn't be used. Use .withValues() to avoid precision loss. Try replacing the use of the deprecated member with the replacement. - deprecated_member_use
   info - lib\features\jobs\screens\jobs_screen.dart:279:28 - Unnecessary use of 'toList' in a spread. Try removing the invocation of 'toList'. - unnecessary_to_list_in_spreads
   info - lib\features\jobs\widgets\job_card.dart:12:9 - Parameter 'key' could be a super parameter. Trying converting 'key' to a super parameter. - use_super_parameters
   info - lib\features\jobs\widgets\job_card.dart:162:33 - 'withOpacity' is deprecated and shouldn't be used. Use .withValues() to avoid precision loss. Try replacing the use of the deprecated member with the replacement. - deprecated_member_use
   info - lib\features\jobs\widgets\job_card.dart:335:61 - 'withOpacity' is deprecated and shouldn't be used. Use .withValues() to avoid precision loss. Try replacing the use of the deprecated member with the replacement. - deprecated_member_use
   info - lib\features\jobs\widgets\jobs_filter_sheet.dart:107:11 - 'value' is deprecated and shouldn't be used. Use initialValue instead. This will set the initial value for the form field. This feature was deprecated after v3.33.0-1.0.pre. Try replacing the use of the deprecated member with the replacement. - deprecated_member_use
   info - lib\features\jobs\widgets\jobs_filter_sheet.dart:119:57 - 'withOpacity' is deprecated and shouldn't be used. Use .withValues() to avoid precision loss. Try replacing the use of the deprecated member with the replacement. - deprecated_member_use
   info - lib\features\main\screens\main_screen.dart:227:41 - 'withOpacity' is deprecated and shouldn't be used. Use .withValues() to avoid precision loss. Try replacing the use of the deprecated member with the replacement. - deprecated_member_use
   info - lib\features\main\screens\main_screen.dart:252:41 - 'withOpacity' is deprecated and shouldn't be used. Use .withValues() to avoid precision loss. Try replacing the use of the deprecated member with the replacement. - deprecated_member_use
   info - lib\features\main\screens\main_screen.dart:258:37 - 'withOpacity' is deprecated and shouldn't be used. Use .withValues() to avoid precision loss. Try replacing the use of the deprecated member with the replacement. - deprecated_member_use
   info - lib\features\main\screens\main_screen.dart:428:27 - Don't use 'BuildContext's across async gaps, guarded by an unrelated 'mounted' check. Guard a 'State.context' use with a 'mounted' check on the State, and other BuildContext use with a 'mounted' check on the BuildContext. - use_build_context_synchronously
   info - lib\features\main\screens\main_screen.dart:450:45 - 'withOpacity' is deprecated and shouldn't be used. Use .withValues() to avoid precision loss. Try replacing the use of the deprecated member with the replacement. - deprecated_member_use
   info - lib\features\matrimony\screens\browse_matrimony_screen.dart:42:13 - Statements in an if should be enclosed in a block. Try wrapping the statement in a block. - curly_braces_in_flow_control_structures
   info - lib\features\matrimony\screens\browse_matrimony_screen.dart:44:13 - Statements in an if should be enclosed in a block. Try wrapping the statement in a block. - curly_braces_in_flow_control_structures
   info - lib\features\matrimony\screens\create_profile_screen.dart:285:43 - 'withOpacity' is deprecated and shouldn't be used. Use .withValues() to avoid precision loss. Try replacing the use of the deprecated member with the replacement. - deprecated_member_use
   info - lib\features\matrimony\screens\create_profile_screen.dart:385:13 - 'value' is deprecated and shouldn't be used. Use initialValue instead. This will set the initial value for the form field. This feature was deprecated after v3.33.0-1.0.pre. Try replacing the use of the deprecated member with the replacement. - deprecated_member_use
   info - lib\features\matrimony\screens\matrimony_hub_screen.dart:101:33 - 'withOpacity' is deprecated and shouldn't be used. Use .withValues() to avoid precision loss. Try replacing the use of the deprecated member with the replacement. - deprecated_member_use
   info - lib\features\matrimony\screens\matrimony_profile_detail_screen.dart:34:8 - Unnecessary override. Try adding behavior in the overriding member or removing the override. - unnecessary_overrides
   info - lib\features\matrimony\screens\matrimony_profile_detail_screen.dart:116:49 - 'withOpacity' is deprecated and shouldn't be used. Use .withValues() to avoid precision loss. Try replacing the use of the deprecated member with the replacement. - deprecated_member_use
   info - lib\features\matrimony\screens\matrimony_profile_detail_screen.dart:240:59 - 'withOpacity' is deprecated and shouldn't be used. Use .withValues() to avoid precision loss. Try replacing the use of the deprecated member with the replacement. - deprecated_member_use
   info - lib\features\matrimony\screens\matrimony_requests_screen.dart:131:45 - 'withOpacity' is deprecated and shouldn't be used. Use .withValues() to avoid precision loss. Try replacing the use of the deprecated member with the replacement. - deprecated_member_use
   info - lib\features\matrimony\screens\matrimony_requests_screen.dart:143:67 - 'withOpacity' is deprecated and shouldn't be used. Use .withValues() to avoid precision loss. Try replacing the use of the deprecated member with the replacement. - deprecated_member_use
   info - lib\features\matrimony\screens\matrimony_requests_screen.dart:178:54 - 'withOpacity' is deprecated and shouldn't be used. Use .withValues() to avoid precision loss. Try replacing the use of the deprecated member with the replacement. - deprecated_member_use
   info - lib\features\matrimony\screens\matrimony_requests_screen.dart:180:58 - 'withOpacity' is deprecated and shouldn't be used. Use .withValues() to avoid precision loss. Try replacing the use of the deprecated member with the replacement. - deprecated_member_use
   info - lib\features\matrimony\screens\matrimony_requests_screen.dart:181:61 - 'withOpacity' is deprecated and shouldn't be used. Use .withValues() to avoid precision loss. Try replacing the use of the deprecated member with the replacement. - deprecated_member_use
   info - lib\features\matrimony\screens\my_matrimony_profile_screen.dart:1:8 - The import of 'dart:ui' is unnecessary because all of the used elements are also provided by the import of 'package:flutter/material.dart'. Try removing the import directive. - unnecessary_import
   info - lib\features\matrimony\screens\my_matrimony_profile_screen.dart:142:51 - 'withOpacity' is deprecated and shouldn't be used. Use .withValues() to avoid precision loss. Try replacing the use of the deprecated member with the replacement. - deprecated_member_use
   info - lib\features\matrimony\screens\my_matrimony_profile_screen.dart:250:33 - 'withOpacity' is deprecated and shouldn't be used. Use .withValues() to avoid precision loss. Try replacing the use of the deprecated member with the replacement. - deprecated_member_use
   info - lib\features\matrimony\widgets\matrimony_filter_sheet.dart:158:53 - 'withOpacity' is deprecated and shouldn't be used. Use .withValues() to avoid precision loss. Try replacing the use of the deprecated member with the replacement. - deprecated_member_use
   info - lib\features\matrimony\widgets\matrimony_filter_sheet.dart:231:11 - 'value' is deprecated and shouldn't be used. Use initialValue instead. This will set the initial value for the form field. This feature was deprecated after v3.33.0-1.0.pre. Try replacing the use of the deprecated member with the replacement. - deprecated_member_use
   info - lib\features\news\screens\create_news_screen.dart:56:9 - Don't use 'BuildContext's across async gaps. Try rewriting the code to not use the 'BuildContext', or guard the use with a 'mounted' check. - use_build_context_synchronously
   info - lib\features\news\screens\create_news_screen.dart:238:29 - 'activeColor' is deprecated and shouldn't be used. Use activeThumbColor instead. This feature was deprecated after v3.31.0-2.0.pre. Try replacing the use of the deprecated member with the replacement. - deprecated_member_use
   info - lib\features\news\screens\edit_news_screen.dart:69:9 - Don't use 'BuildContext's across async gaps. Try rewriting the code to not use the 'BuildContext', or guard the use with a 'mounted' check. - use_build_context_synchronously
   info - lib\features\news\screens\news_screen.dart:2:8 - The import of 'package:flutter/cupertino.dart' is unnecessary because all of the used elements are also provided by the import of 'package:flutter/material.dart'. Try removing the import directive. - unnecessary_import
   info - lib\features\news\widgets\news_card.dart:71:29 - 'withOpacity' is deprecated and shouldn't be used. Use .withValues() to avoid precision loss. Try replacing the use of the deprecated member with the replacement. - deprecated_member_use
   info - lib\features\news\widgets\news_card.dart:75:33 - 'withOpacity' is deprecated and shouldn't be used. Use .withValues() to avoid precision loss. Try replacing the use of the deprecated member with the replacement. - deprecated_member_use
   info - lib\features\news\widgets\news_card.dart:114:41 - 'withOpacity' is deprecated and shouldn't be used. Use .withValues() to avoid precision loss. Try replacing the use of the deprecated member with the replacement. - deprecated_member_use
   info - lib\features\onboarding\screens\onboarding_screen.dart:107:46 - 'withOpacity' is deprecated and shouldn't be used. Use .withValues() to avoid precision loss. Try replacing the use of the deprecated member with the replacement. - deprecated_member_use
   info - lib\features\onboarding\screens\onboarding_screen.dart:125:48 - 'withOpacity' is deprecated and shouldn't be used. Use .withValues() to avoid precision loss. Try replacing the use of the deprecated member with the replacement. - deprecated_member_use
   info - lib\features\onboarding\screens\onboarding_screen.dart:220:40 - 'withOpacity' is deprecated and shouldn't be used. Use .withValues() to avoid precision loss. Try replacing the use of the deprecated member with the replacement. - deprecated_member_use
   info - lib\features\onboarding\screens\onboarding_screen.dart:250:38 - 'withOpacity' is deprecated and shouldn't be used. Use .withValues() to avoid precision loss. Try replacing the use of the deprecated member with the replacement. - deprecated_member_use
   info - lib\features\profile\screens\complete_profile_screen.dart:159:43 - 'withOpacity' is deprecated and shouldn't be used. Use .withValues() to avoid precision loss. Try replacing the use of the deprecated member with the replacement. - deprecated_member_use
   info - lib\features\profile\screens\profile_screen.dart:194:43 - 'withOpacity' is deprecated and shouldn't be used. Use .withValues() to avoid precision loss. Try replacing the use of the deprecated member with the replacement. - deprecated_member_use
   info - lib\features\profile\screens\profile_screen.dart:233:29 - 'withOpacity' is deprecated and shouldn't be used. Use .withValues() to avoid precision loss. Try replacing the use of the deprecated member with the replacement. - deprecated_member_use
   info - lib\features\profile\screens\profile_screen.dart:237:33 - 'withOpacity' is deprecated and shouldn't be used. Use .withValues() to avoid precision loss. Try replacing the use of the deprecated member with the replacement. - deprecated_member_use
   info - lib\features\profile\screens\profile_screen.dart:297:17 - 'activeColor' is deprecated and shouldn't be used. Use activeThumbColor instead. This feature was deprecated after v3.31.0-2.0.pre. Try replacing the use of the deprecated member with the replacement. - deprecated_member_use
   info - lib\features\profile\screens\profile_screen.dart:498:59 - 'withOpacity' is deprecated and shouldn't be used. Use .withValues() to avoid precision loss. Try replacing the use of the deprecated member with the replacement. - deprecated_member_use
   info - lib\features\profile\screens\update_profile_screen.dart:159:45 - 'withOpacity' is deprecated and shouldn't be used. Use .withValues() to avoid precision loss. Try replacing the use of the deprecated member with the replacement. - deprecated_member_use
   info - lib\features\profile\widgets\step_password.dart:169:19 - Statements in an if should be enclosed in a block. Try wrapping the statement in a block. - curly_braces_in_flow_control_structures
   info - lib\features\profile\widgets\user_business_tab.dart:53:43 - 'withOpacity' is deprecated and shouldn't be used. Use .withValues() to avoid precision loss. Try replacing the use of the deprecated member with the replacement. - deprecated_member_use
   info - lib\features\profile\widgets\user_business_tab.dart:92:29 - 'withOpacity' is deprecated and shouldn't be used. Use .withValues() to avoid precision loss. Try replacing the use of the deprecated member with the replacement. - deprecated_member_use
   info - lib\features\profile\widgets\user_business_tab.dart:96:33 - 'withOpacity' is deprecated and shouldn't be used. Use .withValues() to avoid precision loss. Try replacing the use of the deprecated member with the replacement. - deprecated_member_use
   info - lib\features\profile\widgets\user_business_tab.dart:181:45 - 'withOpacity' is deprecated and shouldn't be used. Use .withValues() to avoid precision loss. Try replacing the use of the deprecated member with the replacement. - deprecated_member_use
   info - lib\features\profile\widgets\user_business_tab.dart:187:53 - 'withOpacity' is deprecated and shouldn't be used. Use .withValues() to avoid precision loss. Try replacing the use of the deprecated member with the replacement. - deprecated_member_use
   info - lib\providers\auth_provider.dart:41:7 - Don't invoke 'print' in production code. Try using a logging framework. - avoid_print
   info - lib\providers\banner_provider.dart:27:7 - Don't invoke 'print' in production code. Try using a logging framework. - avoid_print
   info - lib\providers\business_provider.dart:47:16 - The private field _availableCategories could be 'final'. Try making the field 'final'. - prefer_final_fields
   info - lib\providers\complete_profile_provider.dart:161:9 - Use the null-aware marker '?' rather than a null check via an 'if'. Try using '?'. - use_null_aware_elements
   info - lib\providers\complete_profile_provider.dart:186:7 - Don't invoke 'print' in production code. Try using a logging framework. - avoid_print
   info - lib\providers\complete_profile_provider.dart:187:7 - Don't invoke 'print' in production code. Try using a logging framework. - avoid_print
   info - lib\providers\complete_profile_provider.dart:191:9 - Don't invoke 'print' in production code. Try using a logging framework. - avoid_print
   info - lib\providers\create_job_provider.dart:28:14 - Unnecessary use of getter and setter to wrap a field. Try removing the getter and setter and renaming the field. - unnecessary_getters_setters
   info - lib\providers\create_job_provider.dart:31:14 - Unnecessary use of getter and setter to wrap a field. Try removing the getter and setter and renaming the field. - unnecessary_getters_setters
   info - lib\providers\create_job_provider.dart:34:14 - Unnecessary use of getter and setter to wrap a field. Try removing the getter and setter and renaming the field. - unnecessary_getters_setters
   info - lib\providers\create_job_provider.dart:37:14 - Unnecessary use of getter and setter to wrap a field. Try removing the getter and setter and renaming the field. - unnecessary_getters_setters
   info - lib\providers\create_job_provider.dart:40:15 - Unnecessary use of getter and setter to wrap a field. Try removing the getter and setter and renaming the field. - unnecessary_getters_setters
   info - lib\providers\create_job_provider.dart:43:14 - Unnecessary use of getter and setter to wrap a field. Try removing the getter and setter and renaming the field. - unnecessary_getters_setters
   info - lib\providers\create_job_provider.dart:46:14 - Unnecessary use of getter and setter to wrap a field. Try removing the getter and setter and renaming the field. - unnecessary_getters_setters
   info - lib\providers\create_job_provider.dart:49:15 - Unnecessary use of getter and setter to wrap a field. Try removing the getter and setter and renaming the field. - unnecessary_getters_setters
   info - lib\providers\create_job_provider.dart:52:15 - Unnecessary use of getter and setter to wrap a field. Try removing the getter and setter and renaming the field. - unnecessary_getters_setters
   info - lib\providers\create_job_provider.dart:55:15 - Unnecessary use of getter and setter to wrap a field. Try removing the getter and setter and renaming the field. - unnecessary_getters_setters
   info - lib\providers\family_provider.dart:44:9 - Don't invoke 'print' in production code. Try using a logging framework. - avoid_print
   info - lib\providers\family_provider.dart:83:9 - Don't invoke 'print' in production code. Try using a logging framework. - avoid_print
   info - lib\providers\family_provider.dart:102:7 - Don't invoke 'print' in production code. Try using a logging framework. - avoid_print
   info - lib\providers\family_provider.dart:124:7 - Don't invoke 'print' in production code. Try using a logging framework. - avoid_print
   info - lib\providers\family_provider.dart:149:7 - Don't invoke 'print' in production code. Try using a logging framework. - avoid_print
   info - lib\providers\family_provider.dart:167:7 - Don't invoke 'print' in production code. Try using a logging framework. - avoid_print
   info - lib\services\news_api.dart:21:9 - Use the null-aware marker '?' rather than a null check via an 'if'. Try using '?'. - use_null_aware_elements
   info - lib\services\news_api.dart:47:9 - Use the null-aware marker '?' rather than a null check via an 'if'. Try using '?'. - use_null_aware_elements
   info - lib\services\update_service.dart:75:7 - Don't invoke 'print' in production code. Try using a logging framework. - avoid_print
   info - lib\services\update_service.dart:101:7 - Don't invoke 'print' in production code. Try using a logging framework. - avoid_print
   info - lib\services\update_service.dart:110:7 - Don't invoke 'print' in production code. Try using a logging framework. - avoid_print

165 issues found.
